An exception has occurred:
IllegalArgumentException
	 at aot::test4_helper2(Int64, Int64)(SOURCE:0)
	 at default::TestClass::test4_helper1(Int64, Int64)(unknown:0)
	 at default::test4(Int64, Int64)(unknown:0)
	 at default::user.main()(unknown:0)
	 at default::user.main.invoke()(unknown:0)
	 at default::main()(unknown:0)
