An exception has occurred:
IllegalArgumentException
	 at aot::test4_helper2(Int64, Int64)(SOURCE:0)
	 at default::TestClass::test4_helper1(Int64, Int64)(unknown:0)
	 at default::test4(Int64, Int64)(unknown:0)
	 at default::main()(unknown:0)
	 at default::$mainInvoke()(unknown:0)
	 at default::cj_entry()(unknown:0)
